[LOADED] ~/<xconfig>/plugins.toml
   [CHECKED] https://raw.githubusercontent.com/rossmacarthur/sheldon-test/master/test.plugin.zsh
    [CLONED] https://github.com/rossmacarthur/sheldon-test
[LOCKED] ~/<xdata>/plugins.lock
