[UNLOCKED] ~/<xdata>/plugins.lock
  [RENDERED] test_downloads
  [RENDERED] test_repos
