[LOADED] ~/.sheldon/plugins.toml
    [CLONED] https://github.com/rossmacarthur/sheldon-test
[LOCKED] ~/.sheldon/plugins.lock
