[UNLOCKED] ~/.sheldon/plugins.lock
  [RENDERED] test
   [INLINED] inline-test
