[UNLOCKED] ~/.sheldon/plugins.p1.lock
  [RENDERED] test
   [INLINED] inline-test
