[UNLOCKED] ~/.sheldon/plugins.lock
  [RENDERED] test
