[LOADED] ~/.sheldon/plugins.toml
   [REMOVED] ~/.sheldon/repos/test.com
[LOCKED] ~/.sheldon/plugins.lock
