[LOADED] ~/.sheldon/plugins.toml
[LOCKED] ~/.sheldon/plugins.lock
