error: '{name}' requires a subcommand, but one was not provided

USAGE:
    {name} [OPTIONS] <SUBCOMMAND>

For more information try --help
