{name}-lock {version}
Install the plugins sources and generate the lock file

USAGE:
    {name} lock [FLAGS]

FLAGS:
        --update       Update all plugin sources
        --reinstall    Reinstall all plugin sources
    -h, --help         Prints help information
