sheldon-init 
Initialize a new config file

USAGE:
    sheldon init [OPTIONS]

OPTIONS:
        --shell <SHELL>    The type of shell, accepted values are: bash, zsh
    -h, --help             Print help information
