error: 'sheldon' requires a subcommand but one was not provided

USAGE:
    sheldon [OPTIONS] <SUBCOMMAND>

For more information try --help
