[LOADED] ~/.sheldon/test.toml
[LOCKED] ~/.sheldon/plugins.lock
