[LOADED] ~/<xconfig>/plugins.toml
   [FETCHED] https://raw.githubusercontent.com/rossmacarthur/sheldon-test/master/test.plugin.zsh
[LOCKED] ~/<xdata>/plugins.lock
