source "<data>/downloads/raw.githubusercontent.com/rossmacarthur/sheldon-test/master/test.plugin.zsh"
