[LOADED] ~/.sheldon/plugins.toml
[LOCKED] ~/test/plugins.lock
