[LOADED] ~/.sheldon/plugins.toml
    [CLONED] https://github.com/rossmacarthur/sheldon-test@recursive-recursive
[LOCKED] ~/.sheldon/plugins.lock
