[LOADED] ~/.sheldon/plugins.toml
    [CLONED] https://github.com/rossmacarthur/sheldon-test@feature
[LOCKED] ~/.sheldon/plugins.lock
